node : Error: Could not connect
At line:1 char:1
+ node index.js 2>errors.txt
+ ~~~~~~~~~~~~~~~~~~~~~~~~~~
    + CategoryInfo          : NotSpecified: (Error: Could not connect:String) [], RemoteException
    + FullyQualifiedErrorId : NativeCommandError
 
    at Socket.onerror (C:\Users\Administrator\Desktop\Bot\node_modules\discord-rpc\src\transports\ipc.js:32:16)
    at Object.onceWrapper (node:events:642:26)
    at Socket.emit (node:events:527:28)
    at emitErrorNT (node:internal/streams/destroy:157:8)
    at emitErrorCloseNT (node:internal/streams/destroy:122:3)
    at processTicksAndRejections (node:internal/process/task_queues:83:21)
C:\Users\Administrator\Desktop\Bot\events\messageCreate.js:30
		.setAuthor({ name: playerDisplayName, iconURL: message.member.displayAvatarURL({ dynamic: true }), url: '' })
		                   ^

ReferenceError: playerDisplayName is not defined
    at Object.execute (C:\Users\Administrator\Desktop\Bot\events\messageCreate.js:30:22)
    at processTicksAndRejections (node:internal/process/task_queues:96:5)
Error: Could not connect
    at Socket.onerror (C:\Users\Administrator\Desktop\Bot\node_modules\discord-rpc\src\transports\ipc.js:32:16)
    at Object.onceWrapper (node:events:642:26)
    at Socket.emit (node:events:527:28)
    at emitErrorNT (node:internal/streams/destroy:157:8)
    at emitErrorCloseNT (node:internal/streams/destroy:122:3)
    at processTicksAndRejections (node:internal/process/task_queues:83:21)
C:\Users\Administrator\Desktop\Bot\events\messageCreate.js:30
		.setAuthor({ name: playerDisplayName, iconURL: message.member.displayAvatarURL({ dynamic: true }), url: '' })
		                   ^

ReferenceError: playerDisplayName is not defined
    at Object.execute (C:\Users\Administrator\Desktop\Bot\events\messageCreate.js:30:22)
    at processTicksAndRejections (node:internal/process/task_queues:96:5)
Error: Could not connect
    at Socket.onerror (C:\Users\Administrator\Desktop\Bot\node_modules\discord-rpc\src\transports\ipc.js:32:16)
    at Object.onceWrapper (node:events:642:26)
    at Socket.emit (node:events:527:28)
    at emitErrorNT (node:internal/streams/destroy:157:8)
    at emitErrorCloseNT (node:internal/streams/destroy:122:3)
    at processTicksAndRejections (node:internal/process/task_queues:83:21)
C:\Users\Administrator\Desktop\Bot\events\messageCreate.js:30
		.setAuthor({ name: playerDisplayName, iconURL: message.member.displayAvatarURL({ dynamic: true }), url: '' })
		                   ^

ReferenceError: playerDisplayName is not defined
    at Object.execute (C:\Users\Administrator\Desktop\Bot\events\messageCreate.js:30:22)
    at processTicksAndRejections (node:internal/process/task_queues:96:5)
Error: Could not connect
    at Socket.onerror (C:\Users\Administrator\Desktop\Bot\node_modules\discord-rpc\src\transports\ipc.js:32:16)
    at Object.onceWrapper (node:events:642:26)
    at Socket.emit (node:events:527:28)
    at emitErrorNT (node:internal/streams/destroy:157:8)
    at emitErrorCloseNT (node:internal/streams/destroy:122:3)
    at processTicksAndRejections (node:internal/process/task_queues:83:21)
C:\Users\Administrator\Desktop\Bot\events\messageCreate.js:30
		.setAuthor({ name: playerDisplayName, iconURL: message.member.displayAvatarURL({ dynamic: true }), url: '' })
		                   ^

ReferenceError: playerDisplayName is not defined
    at Object.execute (C:\Users\Administrator\Desktop\Bot\events\messageCreate.js:30:22)
    at processTicksAndRejections (node:internal/process/task_queues:96:5)
Error: Could not connect
    at Socket.onerror (C:\Users\Administrator\Desktop\Bot\node_modules\discord-rpc\src\transports\ipc.js:32:16)
    at Object.onceWrapper (node:events:642:26)
    at Socket.emit (node:events:527:28)
    at emitErrorNT (node:internal/streams/destroy:157:8)
    at emitErrorCloseNT (node:internal/streams/destroy:122:3)
    at processTicksAndRejections (node:internal/process/task_queues:83:21)
C:\Users\Administrator\Desktop\Bot\events\messageCreate.js:30
		.setAuthor({ name: playerDisplayName, iconURL: message.member.displayAvatarURL({ dynamic: true }), url: '' })
		                   ^

ReferenceError: playerDisplayName is not defined
    at Object.execute (C:\Users\Administrator\Desktop\Bot\events\messageCreate.js:30:22)
    at processTicksAndRejections (node:internal/process/task_queues:96:5)
Error: Could not connect
    at Socket.onerror (C:\Users\Administrator\Desktop\Bot\node_modules\discord-rpc\src\transports\ipc.js:32:16)
    at Object.onceWrapper (node:events:642:26)
    at Socket.emit (node:events:527:28)
    at emitErrorNT (node:internal/streams/destroy:157:8)
    at emitErrorCloseNT (node:internal/streams/destroy:122:3)
    at processTicksAndRejections (node:internal/process/task_queues:83:21)
C:\Users\Administrator\Desktop\Bot\events\messageCreate.js:30
		.setAuthor({ name: playerDisplayName, iconURL: message.member.displayAvatarURL({ dynamic: true }), url: '' })
		                   ^

ReferenceError: playerDisplayName is not defined
    at Object.execute (C:\Users\Administrator\Desktop\Bot\events\messageCreate.js:30:22)
    at processTicksAndRejections (node:internal/process/task_queues:96:5)
Error: Could not connect
    at Socket.onerror (C:\Users\Administrator\Desktop\Bot\node_modules\discord-rpc\src\transports\ipc.js:32:16)
    at Object.onceWrapper (node:events:642:26)
    at Socket.emit (node:events:527:28)
    at emitErrorNT (node:internal/streams/destroy:157:8)
    at emitErrorCloseNT (node:internal/streams/destroy:122:3)
    at processTicksAndRejections (node:internal/process/task_queues:83:21)
C:\Users\Administrator\Desktop\Bot\events\messageCreate.js:30
		.setAuthor({ name: playerDisplayName, iconURL: message.member.displayAvatarURL({ dynamic: true }), url: '' })
		                   ^

ReferenceError: playerDisplayName is not defined
    at Object.execute (C:\Users\Administrator\Desktop\Bot\events\messageCreate.js:30:22)
    at processTicksAndRejections (node:internal/process/task_queues:96:5)
Error: Could not connect
    at Socket.onerror (C:\Users\Administrator\Desktop\Bot\node_modules\discord-rpc\src\transports\ipc.js:32:16)
    at Object.onceWrapper (node:events:642:26)
    at Socket.emit (node:events:527:28)
    at emitErrorNT (node:internal/streams/destroy:157:8)
    at emitErrorCloseNT (node:internal/streams/destroy:122:3)
    at processTicksAndRejections (node:internal/process/task_queues:83:21)
C:\Users\Administrator\Desktop\Bot\events\messageCreate.js:30
		.setAuthor({ name: playerDisplayName, iconURL: message.member.displayAvatarURL({ dynamic: true }), url: '' })
		                   ^

ReferenceError: playerDisplayName is not defined
    at Object.execute (C:\Users\Administrator\Desktop\Bot\events\messageCreate.js:30:22)
    at processTicksAndRejections (node:internal/process/task_queues:96:5)
Error: Could not connect
    at Socket.onerror (C:\Users\Administrator\Desktop\Bot\node_modules\discord-rpc\src\transports\ipc.js:32:16)
    at Object.onceWrapper (node:events:642:26)
    at Socket.emit (node:events:527:28)
    at emitErrorNT (node:internal/streams/destroy:157:8)
    at emitErrorCloseNT (node:internal/streams/destroy:122:3)
    at processTicksAndRejections (node:internal/process/task_queues:83:21)
C:\Users\Administrator\Desktop\Bot\events\messageCreate.js:30
		.setAuthor({ name: playerDisplayName, iconURL: message.member.displayAvatarURL({ dynamic: true }), url: '' })
		                   ^

ReferenceError: playerDisplayName is not defined
    at Object.execute (C:\Users\Administrator\Desktop\Bot\events\messageCreate.js:30:22)
    at processTicksAndRejections (node:internal/process/task_queues:96:5)
Error: Could not connect
    at Socket.onerror (C:\Users\Administrator\Desktop\Bot\node_modules\discord-rpc\src\transports\ipc.js:32:16)
    at Object.onceWrapper (node:events:642:26)
    at Socket.emit (node:events:527:28)
    at emitErrorNT (node:internal/streams/destroy:157:8)
    at emitErrorCloseNT (node:internal/streams/destroy:122:3)
    at processTicksAndRejections (node:internal/process/task_queues:83:21)
C:\Users\Administrator\Desktop\Bot\events\messageCreate.js:30
		.setAuthor({ name: playerDisplayName, iconURL: message.member.displayAvatarURL({ dynamic: true }), url: '' })
		                   ^

ReferenceError: playerDisplayName is not defined
    at Object.execute (C:\Users\Administrator\Desktop\Bot\events\messageCreate.js:30:22)
    at processTicksAndRejections (node:internal/process/task_queues:96:5)
Error: Could not connect
    at Socket.onerror (C:\Users\Administrator\Desktop\Bot\node_modules\discord-rpc\src\transports\ipc.js:32:16)
    at Object.onceWrapper (node:events:642:26)
    at Socket.emit (node:events:527:28)
    at emitErrorNT (node:internal/streams/destroy:157:8)
    at emitErrorCloseNT (node:internal/streams/destroy:122:3)
    at processTicksAndRejections (node:internal/process/task_queues:83:21)
C:\Users\Administrator\Desktop\Bot\events\messageCreate.js:30
		.setAuthor({ name: playerDisplayName, iconURL: message.member.displayAvatarURL({ dynamic: true }), url: '' })
		                   ^

ReferenceError: playerDisplayName is not defined
    at Object.execute (C:\Users\Administrator\Desktop\Bot\events\messageCreate.js:30:22)
    at processTicksAndRejections (node:internal/process/task_queues:96:5)
Error: Could not connect
    at Socket.onerror (C:\Users\Administrator\Desktop\Bot\node_modules\discord-rpc\src\transports\ipc.js:32:16)
    at Object.onceWrapper (node:events:642:26)
    at Socket.emit (node:events:527:28)
    at emitErrorNT (node:internal/streams/destroy:157:8)
    at emitErrorCloseNT (node:internal/streams/destroy:122:3)
    at processTicksAndRejections (node:internal/process/task_queues:83:21)
C:\Users\Administrator\Desktop\Bot\events\messageCreate.js:30
		.setAuthor({ name: playerDisplayName, iconURL: message.member.displayAvatarURL({ dynamic: true }), url: '' })
		                   ^

ReferenceError: playerDisplayName is not defined
    at Object.execute (C:\Users\Administrator\Desktop\Bot\events\messageCreate.js:30:22)
    at processTicksAndRejections (node:internal/process/task_queues:96:5)
Error: Could not connect
    at Socket.onerror (C:\Users\Administrator\Desktop\Bot\node_modules\discord-rpc\src\transports\ipc.js:32:16)
    at Object.onceWrapper (node:events:642:26)
    at Socket.emit (node:events:527:28)
    at emitErrorNT (node:internal/streams/destroy:157:8)
    at emitErrorCloseNT (node:internal/streams/destroy:122:3)
    at processTicksAndRejections (node:internal/process/task_queues:83:21)
C:\Users\Administrator\Desktop\Bot\events\messageCreate.js:30
		.setAuthor({ name: playerDisplayName, iconURL: message.member.displayAvatarURL({ dynamic: true }), url: '' })
		                   ^

ReferenceError: playerDisplayName is not defined
    at Object.execute (C:\Users\Administrator\Desktop\Bot\events\messageCreate.js:30:22)
    at processTicksAndRejections (node:internal/process/task_queues:96:5)
Error: Could not connect
    at Socket.onerror (C:\Users\Administrator\Desktop\Bot\node_modules\discord-rpc\src\transports\ipc.js:32:16)
    at Object.onceWrapper (node:events:642:26)
    at Socket.emit (node:events:527:28)
    at emitErrorNT (node:internal/streams/destroy:157:8)
    at emitErrorCloseNT (node:internal/streams/destroy:122:3)
    at processTicksAndRejections (node:internal/process/task_queues:83:21)
C:\Users\Administrator\Desktop\Bot\events\messageCreate.js:30
		.setAuthor({ name: playerDisplayName, iconURL: message.member.displayAvatarURL({ dynamic: true }), url: '' })
		                   ^

ReferenceError: playerDisplayName is not defined
    at Object.execute (C:\Users\Administrator\Desktop\Bot\events\messageCreate.js:30:22)
    at processTicksAndRejections (node:internal/process/task_queues:96:5)
Error: Could not connect
    at Socket.onerror (C:\Users\Administrator\Desktop\Bot\node_modules\discord-rpc\src\transports\ipc.js:32:16)
    at Object.onceWrapper (node:events:642:26)
    at Socket.emit (node:events:527:28)
    at emitErrorNT (node:internal/streams/destroy:157:8)
    at emitErrorCloseNT (node:internal/streams/destroy:122:3)
    at processTicksAndRejections (node:internal/process/task_queues:83:21)
